../Core/Src/main.c:78:6:TIM8_UP_IRQHandler	8	static
../Core/Src/main.c:89:10:white_noise_sample	4	static
../Core/Src/main.c:99:10:generate_new_seed	16	static
../Core/Src/main.c:106:6:GenerateSeq	32	static
../Core/Src/main.c:133:5:main	16	static
../Core/Src/main.c:222:6:SystemClock_Config	88	static
../Core/Src/main.c:269:13:MX_DAC1_Init	56	static
../Core/Src/main.c:316:13:MX_TIM2_Init	40	static
../Core/Src/main.c:361:13:MX_TIM8_Init	136	static
../Core/Src/main.c:451:13:MX_DMA_Init	16	static
../Core/Src/main.c:470:13:MX_GPIO_Init	16	static
../Core/Src/main.c:518:6:Error_Handler	4	static,ignoring_inline_asm
